<?xml version="1.0" encoding="ISO-8859-1" ?>
<link_info>
   <banner>TI ARM Linker PC v18.12.4.LTS</banner>
   <copyright>Copyright (c) 1996-2018 Texas Instruments Incorporated</copyright>
   <link_time>0x5fd84497</link_time>
   <link_errors>0x0</link_errors>
   <output_file>EGR226FinalProject.out</output_file>
   <entry_point>
      <name>_c_int00_noargs</name>
      <address>0x36c5</address>
   </entry_point>
   <input_file_list>
      <input_file id="fl-2">
         <path>.\</path>
         <kind>object</kind>
         <file>LCD_Library.obj</file>
         <name>LCD_Library.obj</name>
      </input_file>
      <input_file id="fl-3">
         <path>.\</path>
         <kind>object</kind>
         <file>MenuLib.obj</file>
         <name>MenuLib.obj</name>
      </input_file>
      <input_file id="fl-4">
         <path>.\</path>
         <kind>object</kind>
         <file>SysTick_Library.obj</file>
         <name>SysTick_Library.obj</name>
      </input_file>
      <input_file id="fl-5">
         <path>.\</path>
         <kind>object</kind>
         <file>main.obj</file>
         <name>main.obj</name>
      </input_file>
      <input_file id="fl-6">
         <path>.\</path>
         <kind>object</kind>
         <file>startup_msp432p401r_ccs.obj</file>
         <name>startup_msp432p401r_ccs.obj</name>
      </input_file>
      <input_file id="fl-7">
         <path>.\</path>
         <kind>object</kind>
         <file>system_msp432p401r.obj</file>
         <name>system_msp432p401r.obj</name>
      </input_file>
      <input_file id="fl-b">
         <kind>object</kind>
         <file>&lt;internal&gt;</file>
         <name>&lt;internal&gt;</name>
      </input_file>
      <input_file id="fl-c1">
         <path>C:\ti\ccs930\ccs\tools\compiler\ti-cgt-arm_18.12.4.LTS\lib\</path>
         <kind>archive</kind>
         <file>rtsv7M4_T_le_v4SPD16_eabi.lib</file>
         <name>sprintf.c.obj</name>
      </input_file>
      <input_file id="fl-c2">
         <path>C:\ti\ccs930\ccs\tools\compiler\ti-cgt-arm_18.12.4.LTS\lib\</path>
         <kind>archive</kind>
         <file>rtsv7M4_T_le_v4SPD16_eabi.lib</file>
         <name>fd_div_t2.asm.obj</name>
      </input_file>
      <input_file id="fl-c3">
         <path>C:\ti\ccs930\ccs\tools\compiler\ti-cgt-arm_18.12.4.LTS\lib\</path>
         <kind>archive</kind>
         <file>rtsv7M4_T_le_v4SPD16_eabi.lib</file>
         <name>fd_mul_t2.asm.obj</name>
      </input_file>
      <input_file id="fl-c4">
         <path>C:\ti\ccs930\ccs\tools\compiler\ti-cgt-arm_18.12.4.LTS\lib\</path>
         <kind>archive</kind>
         <file>rtsv7M4_T_le_v4SPD16_eabi.lib</file>
         <name>fd_toi_t2.asm.obj</name>
      </input_file>
      <input_file id="fl-c5">
         <path>C:\ti\ccs930\ccs\tools\compiler\ti-cgt-arm_18.12.4.LTS\lib\</path>
         <kind>archive</kind>
         <file>rtsv7M4_T_le_v4SPD16_eabi.lib</file>
         <name>i_tofd_t2.asm.obj</name>
      </input_file>
      <input_file id="fl-c6">
         <path>C:\ti\ccs930\ccs\tools\compiler\ti-cgt-arm_18.12.4.LTS\lib\</path>
         <kind>archive</kind>
         <file>rtsv7M4_T_le_v4SPD16_eabi.lib</file>
         <name>memcpy_t2.asm.obj</name>
      </input_file>
      <input_file id="fl-c7">
         <path>C:\ti\ccs930\ccs\tools\compiler\ti-cgt-arm_18.12.4.LTS\lib\</path>
         <kind>archive</kind>
         <file>rtsv7M4_T_le_v4SPD16_eabi.lib</file>
         <name>u_tofd_t2.asm.obj</name>
      </input_file>
      <input_file id="fl-c8">
         <path>C:\ti\ccs930\ccs\tools\compiler\ti-cgt-arm_18.12.4.LTS\lib\</path>
         <kind>archive</kind>
         <file>rtsv7M4_T_le_v4SPD16_eabi.lib</file>
         <name>copy_zero_init.c.obj</name>
      </input_file>
      <input_file id="fl-c9">
         <path>C:\ti\ccs930\ccs\tools\compiler\ti-cgt-arm_18.12.4.LTS\lib\</path>
         <kind>archive</kind>
         <file>rtsv7M4_T_le_v4SPD16_eabi.lib</file>
         <name>copy_decompress_none.c.obj</name>
      </input_file>
      <input_file id="fl-ca">
         <path>C:\ti\ccs930\ccs\tools\compiler\ti-cgt-arm_18.12.4.LTS\lib\</path>
         <kind>archive</kind>
         <file>rtsv7M4_T_le_v4SPD16_eabi.lib</file>
         <name>copy_decompress_lzss.c.obj</name>
      </input_file>
      <input_file id="fl-cb">
         <path>C:\ti\ccs930\ccs\tools\compiler\ti-cgt-arm_18.12.4.LTS\lib\</path>
         <kind>archive</kind>
         <file>rtsv7M4_T_le_v4SPD16_eabi.lib</file>
         <name>boot_cortex_m.c.obj</name>
      </input_file>
      <input_file id="fl-cc">
         <path>C:\ti\ccs930\ccs\tools\compiler\ti-cgt-arm_18.12.4.LTS\lib\</path>
         <kind>archive</kind>
         <file>rtsv7M4_T_le_v4SPD16_eabi.lib</file>
         <name>_printfi.c.obj</name>
      </input_file>
      <input_file id="fl-cd">
         <path>C:\ti\ccs930\ccs\tools\compiler\ti-cgt-arm_18.12.4.LTS\lib\</path>
         <kind>archive</kind>
         <file>rtsv7M4_T_le_v4SPD16_eabi.lib</file>
         <name>fd_add_t2.asm.obj</name>
      </input_file>
      <input_file id="fl-ce">
         <path>C:\ti\ccs930\ccs\tools\compiler\ti-cgt-arm_18.12.4.LTS\lib\</path>
         <kind>archive</kind>
         <file>rtsv7M4_T_le_v4SPD16_eabi.lib</file>
         <name>fd_cmp_t2.asm.obj</name>
      </input_file>
      <input_file id="fl-cf">
         <path>C:\ti\ccs930\ccs\tools\compiler\ti-cgt-arm_18.12.4.LTS\lib\</path>
         <kind>archive</kind>
         <file>rtsv7M4_T_le_v4SPD16_eabi.lib</file>
         <name>ull_div_t2.asm.obj</name>
      </input_file>
      <input_file id="fl-d0">
         <path>C:\ti\ccs930\ccs\tools\compiler\ti-cgt-arm_18.12.4.LTS\lib\</path>
         <kind>archive</kind>
         <file>rtsv7M4_T_le_v4SPD16_eabi.lib</file>
         <name>memset_t2.asm.obj</name>
      </input_file>
      <input_file id="fl-d1">
         <path>C:\ti\ccs930\ccs\tools\compiler\ti-cgt-arm_18.12.4.LTS\lib\</path>
         <kind>archive</kind>
         <file>rtsv7M4_T_le_v4SPD16_eabi.lib</file>
         <name>autoinit.c.obj</name>
      </input_file>
      <input_file id="fl-d2">
         <path>C:\ti\ccs930\ccs\tools\compiler\ti-cgt-arm_18.12.4.LTS\lib\</path>
         <kind>archive</kind>
         <file>rtsv7M4_T_le_v4SPD16_eabi.lib</file>
         <name>pre_init.c.obj</name>
      </input_file>
      <input_file id="fl-d3">
         <path>C:\ti\ccs930\ccs\tools\compiler\ti-cgt-arm_18.12.4.LTS\lib\</path>
         <kind>archive</kind>
         <file>rtsv7M4_T_le_v4SPD16_eabi.lib</file>
         <name>cpy_tbl.c.obj</name>
      </input_file>
      <input_file id="fl-d4">
         <path>C:\ti\ccs930\ccs\tools\compiler\ti-cgt-arm_18.12.4.LTS\lib\</path>
         <kind>archive</kind>
         <file>rtsv7M4_T_le_v4SPD16_eabi.lib</file>
         <name>exit.c.obj</name>
      </input_file>
      <input_file id="fl-d5">
         <path>C:\ti\ccs930\ccs\tools\compiler\ti-cgt-arm_18.12.4.LTS\lib\</path>
         <kind>archive</kind>
         <file>rtsv7M4_T_le_v4SPD16_eabi.lib</file>
         <name>_lock.c.obj</name>
      </input_file>
      <input_file id="fl-d6">
         <path>C:\ti\ccs930\ccs\tools\compiler\ti-cgt-arm_18.12.4.LTS\lib\</path>
         <kind>archive</kind>
         <file>rtsv7M4_T_le_v4SPD16_eabi.lib</file>
         <name>args_main.c.obj</name>
      </input_file>
      <input_file id="fl-d7">
         <path>C:\ti\ccs930\ccs\tools\compiler\ti-cgt-arm_18.12.4.LTS\lib\</path>
         <kind>archive</kind>
         <file>rtsv7M4_T_le_v4SPD16_eabi.lib</file>
         <name>atoi.c.obj</name>
      </input_file>
      <input_file id="fl-d8">
         <path>C:\ti\ccs930\ccs\tools\compiler\ti-cgt-arm_18.12.4.LTS\lib\</path>
         <kind>archive</kind>
         <file>rtsv7M4_T_le_v4SPD16_eabi.lib</file>
         <name>ctype.c.obj</name>
      </input_file>
      <input_file id="fl-d9">
         <path>C:\ti\ccs930\ccs\tools\compiler\ti-cgt-arm_18.12.4.LTS\lib\</path>
         <kind>archive</kind>
         <file>rtsv7M4_T_le_v4SPD16_eabi.lib</file>
         <name>ltoa.c.obj</name>
      </input_file>
      <input_file id="fl-da">
         <path>C:\ti\ccs930\ccs\tools\compiler\ti-cgt-arm_18.12.4.LTS\lib\</path>
         <kind>archive</kind>
         <file>rtsv7M4_T_le_v4SPD16_eabi.lib</file>
         <name>memccpy.c.obj</name>
      </input_file>
      <input_file id="fl-db">
         <path>C:\ti\ccs930\ccs\tools\compiler\ti-cgt-arm_18.12.4.LTS\lib\</path>
         <kind>archive</kind>
         <file>rtsv7M4_T_le_v4SPD16_eabi.lib</file>
         <name>strchr.c.obj</name>
      </input_file>
      <input_file id="fl-dc">
         <path>C:\ti\ccs930\ccs\tools\compiler\ti-cgt-arm_18.12.4.LTS\lib\</path>
         <kind>archive</kind>
         <file>rtsv7M4_T_le_v4SPD16_eabi.lib</file>
         <name>strlen.c.obj</name>
      </input_file>
      <input_file id="fl-dd">
         <path>C:\ti\ccs930\ccs\tools\compiler\ti-cgt-arm_18.12.4.LTS\lib\</path>
         <kind>archive</kind>
         <file>rtsv7M4_T_le_v4SPD16_eabi.lib</file>
         <name>errno.c.obj</name>
      </input_file>
      <input_file id="fl-de">
         <path>C:\ti\ccs930\ccs\tools\compiler\ti-cgt-arm_18.12.4.LTS\lib\</path>
         <kind>archive</kind>
         <file>rtsv7M4_T_le_v4SPD16_eabi.lib</file>
         <name>wcslen.c.obj</name>
      </input_file>
      <input_file id="fl-df">
         <path>C:\ti\ccs930\ccs\tools\compiler\ti-cgt-arm_18.12.4.LTS\lib\</path>
         <kind>archive</kind>
         <file>rtsv7M4_T_le_v4SPD16_eabi.lib</file>
         <name>s_frexp.c.obj</name>
      </input_file>
      <input_file id="fl-e0">
         <path>C:\ti\ccs930\ccs\tools\compiler\ti-cgt-arm_18.12.4.LTS\lib\</path>
         <kind>archive</kind>
         <file>rtsv7M4_T_le_v4SPD16_eabi.lib</file>
         <name>s_scalbn.c.obj</name>
      </input_file>
      <input_file id="fl-e1">
         <path>C:\ti\ccs930\ccs\tools\compiler\ti-cgt-arm_18.12.4.LTS\lib\</path>
         <kind>archive</kind>
         <file>rtsv7M4_T_le_v4SPD16_eabi.lib</file>
         <name>div0.asm.obj</name>
      </input_file>
      <input_file id="fl-e2">
         <path>C:\ti\ccs930\ccs\tools\compiler\ti-cgt-arm_18.12.4.LTS\lib\</path>
         <kind>archive</kind>
         <file>rtsv7M4_T_le_v4SPD16_eabi.lib</file>
         <name>s_copysign.c.obj</name>
      </input_file>
   </input_file_list>
   <object_component_list>
      <object_component id="oc-23">
         <name>.intvecs:retain</name>
         <load_address>0x0</load_address>
         <run_address>0x0</run_address>
         <size>0xe4</size>
         <input_file_ref idref="fl-6"/>
      </object_component>
      <object_component id="oc-c4">
         <name>.text</name>
         <load_address>0xe4</load_address>
         <run_address>0xe4</run_address>
         <size>0xcac</size>
         <input_file_ref idref="fl-3"/>
      </object_component>
      <object_component id="oc-187">
         <name>.text:__TI_printfi</name>
         <load_address>0xd90</load_address>
         <run_address>0xd90</run_address>
         <size>0xa4e</size>
         <input_file_ref idref="fl-cc"/>
      </object_component>
      <object_component id="oc-29f">
         <name>.text</name>
         <load_address>0x17de</load_address>
         <run_address>0x17de</run_address>
         <size>0x2</size>
         <input_file_ref idref="fl-e1"/>
      </object_component>
      <object_component id="oc-be">
         <name>.text</name>
         <load_address>0x17e0</load_address>
         <run_address>0x17e0</run_address>
         <size>0x6ec</size>
         <input_file_ref idref="fl-2"/>
      </object_component>
      <object_component id="oc-a8">
         <name>.text</name>
         <load_address>0x1ecc</load_address>
         <run_address>0x1ecc</run_address>
         <size>0x334</size>
         <input_file_ref idref="fl-7"/>
      </object_component>
      <object_component id="oc-1f6">
         <name>.text:_pconv_a</name>
         <load_address>0x2200</load_address>
         <run_address>0x2200</run_address>
         <size>0x270</size>
         <input_file_ref idref="fl-cc"/>
      </object_component>
      <object_component id="oc-1e4">
         <name>.text:_pconv_g</name>
         <load_address>0x2470</load_address>
         <run_address>0x2470</run_address>
         <size>0x1d0</size>
         <input_file_ref idref="fl-cc"/>
      </object_component>
      <object_component id="oc-246">
         <name>.text</name>
         <load_address>0x2640</load_address>
         <run_address>0x2640</run_address>
         <size>0x1b6</size>
         <input_file_ref idref="fl-cd"/>
      </object_component>
      <object_component id="oc-70">
         <name>.text</name>
         <load_address>0x27f8</load_address>
         <run_address>0x27f8</run_address>
         <size>0x15c</size>
         <input_file_ref idref="fl-5"/>
      </object_component>
      <object_component id="oc-1f0">
         <name>.text:_pconv_e</name>
         <load_address>0x2954</load_address>
         <run_address>0x2954</run_address>
         <size>0x13c</size>
         <input_file_ref idref="fl-cc"/>
      </object_component>
      <object_component id="oc-14d">
         <name>.text</name>
         <load_address>0x2a90</load_address>
         <run_address>0x2a90</run_address>
         <size>0x136</size>
         <input_file_ref idref="fl-c2"/>
      </object_component>
      <object_component id="oc-258">
         <name>.text:fcvt</name>
         <load_address>0x2bc8</load_address>
         <run_address>0x2bc8</run_address>
         <size>0x124</size>
         <input_file_ref idref="fl-cc"/>
      </object_component>
      <object_component id="oc-26c">
         <name>.text:scalbn</name>
         <load_address>0x2cec</load_address>
         <run_address>0x2cec</run_address>
         <size>0x110</size>
         <input_file_ref idref="fl-e0"/>
      </object_component>
      <object_component id="oc-152">
         <name>.text</name>
         <load_address>0x2dfc</load_address>
         <run_address>0x2dfc</run_address>
         <size>0xfc</size>
         <input_file_ref idref="fl-c3"/>
      </object_component>
      <object_component id="oc-6a">
         <name>.text</name>
         <load_address>0x2ef8</load_address>
         <run_address>0x2ef8</run_address>
         <size>0xd4</size>
         <input_file_ref idref="fl-4"/>
      </object_component>
      <object_component id="oc-1d9">
         <name>.text:_ltostr</name>
         <load_address>0x2fcc</load_address>
         <run_address>0x2fcc</run_address>
         <size>0xb1</size>
         <input_file_ref idref="fl-cc"/>
      </object_component>
      <object_component id="oc-34">
         <name>.text</name>
         <load_address>0x307e</load_address>
         <run_address>0x307e</run_address>
         <size>0x9c</size>
         <input_file_ref idref="fl-c6"/>
      </object_component>
      <object_component id="oc-234">
         <name>.text</name>
         <load_address>0x311a</load_address>
         <run_address>0x311a</run_address>
         <size>0x96</size>
         <input_file_ref idref="fl-cf"/>
      </object_component>
      <object_component id="oc-1df">
         <name>.text:__aeabi_cdcmple</name>
         <load_address>0x31b0</load_address>
         <run_address>0x31b0</run_address>
         <size>0x86</size>
         <input_file_ref idref="fl-ce"/>
      </object_component>
      <object_component id="oc-23b">
         <name>.text:__aeabi_cdrcmple</name>
         <load_address>0x3236</load_address>
         <run_address>0x3236</run_address>
         <size>0x86</size>
         <input_file_ref idref="fl-ce"/>
      </object_component>
      <object_component id="oc-90">
         <name>.text</name>
         <load_address>0x32bc</load_address>
         <run_address>0x32bc</run_address>
         <size>0x7a</size>
         <input_file_ref idref="fl-d0"/>
      </object_component>
      <object_component id="oc-251">
         <name>.text:_mcpy</name>
         <load_address>0x3336</load_address>
         <run_address>0x3336</run_address>
         <size>0x6e</size>
         <input_file_ref idref="fl-cc"/>
      </object_component>
      <object_component id="oc-14">
         <name>.text:decompress:lzss:__TI_decompress_lzss</name>
         <load_address>0x33a4</load_address>
         <run_address>0x33a4</run_address>
         <size>0x68</size>
         <input_file_ref idref="fl-ca"/>
      </object_component>
      <object_component id="oc-266">
         <name>.text:frexp</name>
         <load_address>0x340c</load_address>
         <run_address>0x340c</run_address>
         <size>0x64</size>
         <input_file_ref idref="fl-df"/>
      </object_component>
      <object_component id="oc-1ea">
         <name>.text:_pconv_f</name>
         <load_address>0x3470</load_address>
         <run_address>0x3470</run_address>
         <size>0x56</size>
         <input_file_ref idref="fl-cc"/>
      </object_component>
      <object_component id="oc-240">
         <name>.text:ltoa</name>
         <load_address>0x34c6</load_address>
         <run_address>0x34c6</run_address>
         <size>0x54</size>
         <input_file_ref idref="fl-d9"/>
      </object_component>
      <object_component id="oc-24b">
         <name>.text:_ecpy</name>
         <load_address>0x351a</load_address>
         <run_address>0x351a</run_address>
         <size>0x52</size>
         <input_file_ref idref="fl-cc"/>
      </object_component>
      <object_component id="oc-1d3">
         <name>.text:atoi</name>
         <load_address>0x356c</load_address>
         <run_address>0x356c</run_address>
         <size>0x4c</size>
         <input_file_ref idref="fl-d7"/>
      </object_component>
      <object_component id="oc-157">
         <name>.text</name>
         <load_address>0x35b8</load_address>
         <run_address>0x35b8</run_address>
         <size>0x48</size>
         <input_file_ref idref="fl-c4"/>
      </object_component>
      <object_component id="oc-f3">
         <name>.text:__TI_auto_init_nobinit_nopinit:__TI_auto_init_nobinit_nopinit</name>
         <load_address>0x3600</load_address>
         <run_address>0x3600</run_address>
         <size>0x44</size>
         <input_file_ref idref="fl-d1"/>
      </object_component>
      <object_component id="oc-141">
         <name>.text:sprintf</name>
         <load_address>0x3644</load_address>
         <run_address>0x3644</run_address>
         <size>0x40</size>
         <input_file_ref idref="fl-c1"/>
      </object_component>
      <object_component id="oc-25e">
         <name>.text:_fcpy</name>
         <load_address>0x3684</load_address>
         <run_address>0x3684</run_address>
         <size>0x3e</size>
         <input_file_ref idref="fl-cc"/>
      </object_component>
      <object_component id="oc-52">
         <name>.text:_c_int00_noargs:_c_int00_noargs</name>
         <load_address>0x36c4</load_address>
         <run_address>0x36c4</run_address>
         <size>0x34</size>
         <input_file_ref idref="fl-cb"/>
      </object_component>
      <object_component id="oc-15f">
         <name>.text</name>
         <load_address>0x36f8</load_address>
         <run_address>0x36f8</run_address>
         <size>0x2e</size>
         <input_file_ref idref="fl-c5"/>
      </object_component>
      <object_component id="oc-148">
         <name>.text</name>
         <load_address>0x3726</load_address>
         <run_address>0x3726</run_address>
         <size>0x20</size>
         <input_file_ref idref="fl-c7"/>
      </object_component>
      <object_component id="oc-40">
         <name>.text:decompress:ZI:__TI_zero_init_nomemset:__TI_zero_init_nomemset</name>
         <load_address>0x3746</load_address>
         <run_address>0x3746</run_address>
         <size>0x1c</size>
         <input_file_ref idref="fl-c8"/>
      </object_component>
      <object_component id="oc-1fc">
         <name>.text:memccpy</name>
         <load_address>0x3762</load_address>
         <run_address>0x3762</run_address>
         <size>0x1c</size>
         <input_file_ref idref="fl-da"/>
      </object_component>
      <object_component id="oc-2b4">
         <name>.text:copysign</name>
         <load_address>0x377e</load_address>
         <run_address>0x377e</run_address>
         <size>0x1a</size>
         <input_file_ref idref="fl-e2"/>
      </object_component>
      <object_component id="oc-18d">
         <name>.text:_outs</name>
         <load_address>0x3798</load_address>
         <run_address>0x3798</run_address>
         <size>0x18</size>
         <input_file_ref idref="fl-c1"/>
      </object_component>
      <object_component id="oc-272">
         <name>.text:strchr</name>
         <load_address>0x37b0</load_address>
         <run_address>0x37b0</run_address>
         <size>0x16</size>
         <input_file_ref idref="fl-db"/>
      </object_component>
      <object_component id="oc-1cd">
         <name>.text:strlen</name>
         <load_address>0x37c6</load_address>
         <run_address>0x37c6</run_address>
         <size>0x14</size>
         <input_file_ref idref="fl-dc"/>
      </object_component>
      <object_component id="oc-202">
         <name>.text:wcslen</name>
         <load_address>0x37da</load_address>
         <run_address>0x37da</run_address>
         <size>0x12</size>
         <input_file_ref idref="fl-de"/>
      </object_component>
      <object_component id="oc-1a">
         <name>.text:decompress:none:__TI_decompress_none</name>
         <load_address>0x37ec</load_address>
         <run_address>0x37ec</run_address>
         <size>0xe</size>
         <input_file_ref idref="fl-c9"/>
      </object_component>
      <object_component id="oc-64">
         <name>.text</name>
         <load_address>0x37fa</load_address>
         <run_address>0x37fa</run_address>
         <size>0xe</size>
         <input_file_ref idref="fl-6"/>
      </object_component>
      <object_component id="oc-193">
         <name>.text:_outc</name>
         <load_address>0x3808</load_address>
         <run_address>0x3808</run_address>
         <size>0xa</size>
         <input_file_ref idref="fl-c1"/>
      </object_component>
      <object_component id="oc-208">
         <name>.text:__aeabi_errno_addr</name>
         <load_address>0x3814</load_address>
         <run_address>0x3814</run_address>
         <size>0x8</size>
         <input_file_ref idref="fl-dd"/>
      </object_component>
      <object_component id="oc-96">
         <name>.text:_system_pre_init</name>
         <load_address>0x381c</load_address>
         <run_address>0x381c</run_address>
         <size>0x4</size>
         <input_file_ref idref="fl-d2"/>
      </object_component>
      <object_component id="oc-e7">
         <name>.text:abort:abort</name>
         <load_address>0x3820</load_address>
         <run_address>0x3820</run_address>
         <size>0x4</size>
         <input_file_ref idref="fl-d4"/>
      </object_component>
      <object_component id="oc-22f">
         <name>.const:.string:_ctypes_</name>
         <load_address>0x3824</load_address>
         <run_address>0x3824</run_address>
         <size>0x101</size>
         <input_file_ref idref="fl-d8"/>
      </object_component>
      <object_component id="oc-310">
         <name>.cinit..data.load</name>
         <load_address>0x3928</load_address>
         <run_address>0x3928</run_address>
         <size>0x15</size>
      </object_component>
      <object_component id="oc-30e">
         <name>__TI_handler_table</name>
         <load_address>0x3940</load_address>
         <run_address>0x3940</run_address>
         <size>0xc</size>
      </object_component>
      <object_component id="oc-311">
         <name>.cinit..bss.load</name>
         <load_address>0x3950</load_address>
         <run_address>0x3950</run_address>
         <size>0x8</size>
      </object_component>
      <object_component id="oc-30f">
         <name>__TI_cinit_table</name>
         <load_address>0x3958</load_address>
         <run_address>0x3958</run_address>
         <size>0x10</size>
      </object_component>
      <object_component id="oc-2e3">
         <name>.binit</name>
         <load_address>0x0</load_address>
         <run_address>0x0</run_address>
         <size>0x0</size>
      </object_component>
      <object_component id="oc-15c">
         <name>.data</name>
         <load_address>0x20000000</load_address>
         <run_address>0x20000000</run_address>
         <size>0xd</size>
         <input_file_ref idref="fl-3"/>
      </object_component>
      <object_component id="oc-125">
         <name>.data</name>
         <load_address>0x20000014</load_address>
         <run_address>0x20000014</run_address>
         <size>0x4</size>
         <input_file_ref idref="fl-7"/>
      </object_component>
      <object_component id="oc-282">
         <name>.data</name>
         <load_address>0x20000010</load_address>
         <run_address>0x20000010</run_address>
         <size>0x4</size>
         <input_file_ref idref="fl-dd"/>
      </object_component>
      <object_component id="oc-140">
         <name>.common:_offset</name>
         <uninitialized>true</uninitialized>
         <run_address>0x20000019</run_address>
         <size>0x1</size>
      </object_component>
      <object_component id="oc-af">
         <name>.common:_flag</name>
         <uninitialized>true</uninitialized>
         <run_address>0x20000018</run_address>
         <size>0x1</size>
      </object_component>
      <object_component id="oc-26">
         <name>.stack</name>
         <uninitialized>true</uninitialized>
         <run_address>0x2000fe00</run_address>
         <size>0x4</size>
         <input_file_ref idref="fl-cb"/>
      </object_component>
      <object_component id="oc-312">
         <name>.stack</name>
         <uninitialized>true</uninitialized>
         <run_address>0x2000fe00</run_address>
         <size>0x0</size>
      </object_component>
      <object_component id="oc-b2">
         <name>.debug_info</name>
         <load_address>0x0</load_address>
         <run_address>0x0</run_address>
         <size>0x630</size>
         <input_file_ref idref="fl-2"/>
      </object_component>
      <object_component id="oc-c2">
         <name>.debug_info</name>
         <load_address>0x630</load_address>
         <run_address>0x630</run_address>
         <size>0x981</size>
         <input_file_ref idref="fl-2"/>
      </object_component>
      <object_component id="oc-cb">
         <name>.debug_info</name>
         <load_address>0xfb1</load_address>
         <run_address>0xfb1</run_address>
         <size>0x37e2</size>
         <input_file_ref idref="fl-2"/>
      </object_component>
      <object_component id="oc-d2">
         <name>.debug_info</name>
         <load_address>0x4793</load_address>
         <run_address>0x4793</run_address>
         <size>0x26b</size>
         <input_file_ref idref="fl-2"/>
      </object_component>
      <object_component id="oc-12b">
         <name>.debug_info</name>
         <load_address>0x49fe</load_address>
         <run_address>0x49fe</run_address>
         <size>0x1055</size>
         <input_file_ref idref="fl-2"/>
      </object_component>
      <object_component id="oc-2f">
         <name>.debug_info</name>
         <load_address>0x5a53</load_address>
         <run_address>0x5a53</run_address>
         <size>0x84</size>
         <input_file_ref idref="fl-2"/>
      </object_component>
      <object_component id="oc-13b">
         <name>.debug_info</name>
         <load_address>0x5ad7</load_address>
         <run_address>0x5ad7</run_address>
         <size>0x297</size>
         <input_file_ref idref="fl-2"/>
      </object_component>
      <object_component id="oc-b9">
         <name>.debug_info</name>
         <load_address>0x5d6e</load_address>
         <run_address>0x5d6e</run_address>
         <size>0xbb</size>
         <input_file_ref idref="fl-2"/>
      </object_component>
      <object_component id="oc-19b">
         <name>.debug_info</name>
         <load_address>0x5e29</load_address>
         <run_address>0x5e29</run_address>
         <size>0x2c</size>
         <input_file_ref idref="fl-2"/>
      </object_component>
      <object_component id="oc-132">
         <name>.debug_info</name>
         <load_address>0x5e55</load_address>
         <run_address>0x5e55</run_address>
         <size>0xda</size>
         <input_file_ref idref="fl-2"/>
      </object_component>
      <object_component id="oc-b0">
         <name>.debug_info</name>
         <load_address>0x5f2f</load_address>
         <run_address>0x5f2f</run_address>
         <size>0x5ef</size>
         <input_file_ref idref="fl-3"/>
      </object_component>
      <object_component id="oc-15d">
         <name>.debug_info</name>
         <load_address>0x651e</load_address>
         <run_address>0x651e</run_address>
         <size>0x147</size>
         <input_file_ref idref="fl-3"/>
      </object_component>
      <object_component id="oc-c7">
         <name>.debug_info</name>
         <load_address>0x6665</load_address>
         <run_address>0x6665</run_address>
         <size>0xa08</size>
         <input_file_ref idref="fl-3"/>
      </object_component>
      <object_component id="oc-1a6">
         <name>.debug_info</name>
         <load_address>0x706d</load_address>
         <run_address>0x706d</run_address>
         <size>0x51</size>
         <input_file_ref idref="fl-3"/>
      </object_component>
      <object_component id="oc-b4">
         <name>.debug_info</name>
         <load_address>0x70be</load_address>
         <run_address>0x70be</run_address>
         <size>0x552</size>
         <input_file_ref idref="fl-4"/>
      </object_component>
      <object_component id="oc-6d">
         <name>.debug_info</name>
         <load_address>0x7610</load_address>
         <run_address>0x7610</run_address>
         <size>0x38f</size>
         <input_file_ref idref="fl-4"/>
      </object_component>
      <object_component id="oc-b6">
         <name>.debug_info</name>
         <load_address>0x799f</load_address>
         <run_address>0x799f</run_address>
         <size>0x636</size>
         <input_file_ref idref="fl-5"/>
      </object_component>
      <object_component id="oc-72">
         <name>.debug_info</name>
         <load_address>0x7fd5</load_address>
         <run_address>0x7fd5</run_address>
         <size>0x32c</size>
         <input_file_ref idref="fl-5"/>
      </object_component>
      <object_component id="oc-78">
         <name>.debug_info</name>
         <load_address>0x8301</load_address>
         <run_address>0x8301</run_address>
         <size>0x2cc</size>
         <input_file_ref idref="fl-6"/>
      </object_component>
      <object_component id="oc-24">
         <name>.debug_info</name>
         <load_address>0x85cd</load_address>
         <run_address>0x85cd</run_address>
         <size>0xf8</size>
         <input_file_ref idref="fl-6"/>
      </object_component>
      <object_component id="oc-65">
         <name>.debug_info</name>
         <load_address>0x86c5</load_address>
         <run_address>0x86c5</run_address>
         <size>0x1bf</size>
         <input_file_ref idref="fl-6"/>
      </object_component>
      <object_component id="oc-126">
         <name>.debug_info</name>
         <load_address>0x8884</load_address>
         <run_address>0x8884</run_address>
         <size>0xf1</size>
         <input_file_ref idref="fl-7"/>
      </object_component>
      <object_component id="oc-aa">
         <name>.debug_info</name>
         <load_address>0x8975</load_address>
         <run_address>0x8975</run_address>
         <size>0x263</size>
         <input_file_ref idref="fl-7"/>
      </object_component>
      <object_component id="oc-19a">
         <name>.debug_info</name>
         <load_address>0x8bd8</load_address>
         <run_address>0x8bd8</run_address>
         <size>0x332</size>
         <input_file_ref idref="fl-c1"/>
      </object_component>
      <object_component id="oc-142">
         <name>.debug_info</name>
         <load_address>0x8f0a</load_address>
         <run_address>0x8f0a</run_address>
         <size>0x1d0</size>
         <input_file_ref idref="fl-c1"/>
      </object_component>
      <object_component id="oc-191">
         <name>.debug_info</name>
         <load_address>0x90da</load_address>
         <run_address>0x90da</run_address>
         <size>0x18c</size>
         <input_file_ref idref="fl-c1"/>
      </object_component>
      <object_component id="oc-197">
         <name>.debug_info</name>
         <load_address>0x9266</load_address>
         <run_address>0x9266</run_address>
         <size>0x16c</size>
         <input_file_ref idref="fl-c1"/>
      </object_component>
      <object_component id="oc-289">
         <name>.debug_info</name>
         <load_address>0x93d2</load_address>
         <run_address>0x93d2</run_address>
         <size>0x2c</size>
         <input_file_ref idref="fl-c1"/>
      </object_component>
      <object_component id="oc-14e">
         <name>.debug_info</name>
         <load_address>0x93fe</load_address>
         <run_address>0x93fe</run_address>
         <size>0x139</size>
         <input_file_ref idref="fl-c2"/>
      </object_component>
      <object_component id="oc-154">
         <name>.debug_info</name>
         <load_address>0x9537</load_address>
         <run_address>0x9537</run_address>
         <size>0x139</size>
         <input_file_ref idref="fl-c3"/>
      </object_component>
      <object_component id="oc-159">
         <name>.debug_info</name>
         <load_address>0x9670</load_address>
         <run_address>0x9670</run_address>
         <size>0x12d</size>
         <input_file_ref idref="fl-c4"/>
      </object_component>
      <object_component id="oc-161">
         <name>.debug_info</name>
         <load_address>0x979d</load_address>
         <run_address>0x979d</run_address>
         <size>0x12b</size>
         <input_file_ref idref="fl-c5"/>
      </object_component>
      <object_component id="oc-35">
         <name>.debug_info</name>
         <load_address>0x98c8</load_address>
         <run_address>0x98c8</run_address>
         <size>0x118</size>
         <input_file_ref idref="fl-c6"/>
      </object_component>
      <object_component id="oc-14b">
         <name>.debug_info</name>
         <load_address>0x99e0</load_address>
         <run_address>0x99e0</run_address>
         <size>0x12d</size>
         <input_file_ref idref="fl-c7"/>
      </object_component>
      <object_component id="oc-8f">
         <name>.debug_info</name>
         <load_address>0x9b0d</load_address>
         <run_address>0x9b0d</run_address>
         <size>0x2d3</size>
         <input_file_ref idref="fl-c8"/>
      </object_component>
      <object_component id="oc-42">
         <name>.debug_info</name>
         <load_address>0x9de0</load_address>
         <run_address>0x9de0</run_address>
         <size>0x1d1</size>
         <input_file_ref idref="fl-c8"/>
      </object_component>
      <object_component id="oc-8a">
         <name>.debug_info</name>
         <load_address>0x9fb1</load_address>
         <run_address>0x9fb1</run_address>
         <size>0x46</size>
         <input_file_ref idref="fl-c8"/>
      </object_component>
      <object_component id="oc-de">
         <name>.debug_info</name>
         <load_address>0x9ff7</load_address>
         <run_address>0x9ff7</run_address>
         <size>0x2c</size>
         <input_file_ref idref="fl-c8"/>
      </object_component>
      <object_component id="oc-3f">
         <name>.debug_info</name>
         <load_address>0xa023</load_address>
         <run_address>0xa023</run_address>
         <size>0x2a7</size>
         <input_file_ref idref="fl-c9"/>
      </object_component>
      <object_component id="oc-1c">
         <name>.debug_info</name>
         <load_address>0xa2ca</load_address>
         <run_address>0xa2ca</run_address>
         <size>0x1e9</size>
         <input_file_ref idref="fl-c9"/>
      </object_component>
      <object_component id="oc-3a">
         <name>.debug_info</name>
         <load_address>0xa4b3</load_address>
         <run_address>0xa4b3</run_address>
         <size>0x46</size>
         <input_file_ref idref="fl-c9"/>
      </object_component>
      <object_component id="oc-82">
         <name>.debug_info</name>
         <load_address>0xa4f9</load_address>
         <run_address>0xa4f9</run_address>
         <size>0x2c</size>
         <input_file_ref idref="fl-c9"/>
      </object_component>
      <object_component id="oc-80">
         <name>.debug_info</name>
         <load_address>0xa525</load_address>
         <run_address>0xa525</run_address>
         <size>0x29d</size>
         <input_file_ref idref="fl-ca"/>
      </object_component>
      <object_component id="oc-15">
         <name>.debug_info</name>
         <load_address>0xa7c2</load_address>
         <run_address>0xa7c2</run_address>
         <size>0x24f</size>
         <input_file_ref idref="fl-ca"/>
      </object_component>
      <object_component id="oc-2a">
         <name>.debug_info</name>
         <load_address>0xaa11</load_address>
         <run_address>0xaa11</run_address>
         <size>0x60</size>
         <input_file_ref idref="fl-ca"/>
      </object_component>
      <object_component id="oc-d7">
         <name>.debug_info</name>
         <load_address>0xaa71</load_address>
         <run_address>0xaa71</run_address>
         <size>0x46</size>
         <input_file_ref idref="fl-ca"/>
      </object_component>
      <object_component id="oc-7b">
         <name>.debug_info</name>
         <load_address>0xaab7</load_address>
         <run_address>0xaab7</run_address>
         <size>0x39</size>
         <input_file_ref idref="fl-ca"/>
      </object_component>
      <object_component id="oc-27">
         <name>.debug_info</name>
         <load_address>0xaaf0</load_address>
         <run_address>0xaaf0</run_address>
         <size>0x10a</size>
         <input_file_ref idref="fl-cb"/>
      </object_component>
      <object_component id="oc-56">
         <name>.debug_info</name>
         <load_address>0xabfa</load_address>
         <run_address>0xabfa</run_address>
         <size>0x1a8</size>
         <input_file_ref idref="fl-cb"/>
      </object_component>
      <object_component id="oc-20f">
         <name>.debug_info</name>
         <load_address>0xada2</load_address>
         <run_address>0xada2</run_address>
         <size>0x57a</size>
         <input_file_ref idref="fl-cc"/>
      </object_component>
      <object_component id="oc-1da">
         <name>.debug_info</name>
         <load_address>0xb31c</load_address>
         <run_address>0xb31c</run_address>
         <size>0x21d</size>
         <input_file_ref idref="fl-cc"/>
      </object_component>
      <object_component id="oc-24c">
         <name>.debug_info</name>
         <load_address>0xb539</load_address>
         <run_address>0xb539</run_address>
         <size>0x1b2</size>
         <input_file_ref idref="fl-cc"/>
      </object_component>
      <object_component id="oc-252">
         <name>.debug_info</name>
         <load_address>0xb6eb</load_address>
         <run_address>0xb6eb</run_address>
         <size>0x21a</size>
         <input_file_ref idref="fl-cc"/>
      </object_component>
      <object_component id="oc-1e5">
         <name>.debug_info</name>
         <load_address>0xb905</load_address>
         <run_address>0xb905</run_address>
         <size>0x3ba</size>
         <input_file_ref idref="fl-cc"/>
      </object_component>
      <object_component id="oc-259">
         <name>.debug_info</name>
         <load_address>0xbcbf</load_address>
         <run_address>0xbcbf</run_address>
         <size>0x304</size>
         <input_file_ref idref="fl-cc"/>
      </object_component>
      <object_component id="oc-25f">
         <name>.debug_info</name>
         <load_address>0xbfc3</load_address>
         <run_address>0xbfc3</run_address>
         <size>0x214</size>
         <input_file_ref idref="fl-cc"/>
      </object_component>
      <object_component id="oc-1eb">
         <name>.debug_info</name>
         <load_address>0xc1d7</load_address>
         <run_address>0xc1d7</run_address>
         <size>0x214</size>
         <input_file_ref idref="fl-cc"/>
      </object_component>
      <object_component id="oc-1f1">
         <name>.debug_info</name>
         <load_address>0xc3eb</load_address>
         <run_address>0xc3eb</run_address>
         <size>0x303</size>
         <input_file_ref idref="fl-cc"/>
      </object_component>
      <object_component id="oc-1f7">
         <name>.debug_info</name>
         <load_address>0xc6ee</load_address>
         <run_address>0xc6ee</run_address>
         <size>0x4af</size>
         <input_file_ref idref="fl-cc"/>
      </object_component>
      <object_component id="oc-188">
         <name>.debug_info</name>
         <load_address>0xcb9d</load_address>
         <run_address>0xcb9d</run_address>
         <size>0x5f3</size>
         <input_file_ref idref="fl-cc"/>
      </object_component>
      <object_component id="oc-210">
         <name>.debug_info</name>
         <load_address>0xd190</load_address>
         <run_address>0xd190</run_address>
         <size>0x86</size>
         <input_file_ref idref="fl-cc"/>
      </object_component>
      <object_component id="oc-28e">
         <name>.debug_info</name>
         <load_address>0xd216</load_address>
         <run_address>0xd216</run_address>
         <size>0x39</size>
         <input_file_ref idref="fl-cc"/>
      </object_component>
      <object_component id="oc-2cb">
         <name>.debug_info</name>
         <load_address>0xd24f</load_address>
         <run_address>0xd24f</run_address>
         <size>0xb6</size>
         <input_file_ref idref="fl-cc"/>
      </object_component>
      <object_component id="oc-293">
         <name>.debug_info</name>
         <load_address>0xd305</load_address>
         <run_address>0xd305</run_address>
         <size>0x46</size>
         <input_file_ref idref="fl-cc"/>
      </object_component>
      <object_component id="oc-215">
         <name>.debug_info</name>
         <load_address>0xd34b</load_address>
         <run_address>0xd34b</run_address>
         <size>0x46</size>
         <input_file_ref idref="fl-cc"/>
      </object_component>
      <object_component id="oc-247">
         <name>.debug_info</name>
         <load_address>0xd391</load_address>
         <run_address>0xd391</run_address>
         <size>0x14b</size>
         <input_file_ref idref="fl-cd"/>
      </object_component>
      <object_component id="oc-1e2">
         <name>.debug_info</name>
         <load_address>0xd4dc</load_address>
         <run_address>0xd4dc</run_address>
         <size>0x127</size>
         <input_file_ref idref="fl-ce"/>
      </object_component>
      <object_component id="oc-23d">
         <name>.debug_info</name>
         <load_address>0xd603</load_address>
         <run_address>0xd603</run_address>
         <size>0x129</size>
         <input_file_ref idref="fl-ce"/>
      </object_component>
      <object_component id="oc-237">
         <name>.debug_info</name>
         <load_address>0xd72c</load_address>
         <run_address>0xd72c</run_address>
         <size>0x133</size>
         <input_file_ref idref="fl-cf"/>
      </object_component>
      <object_component id="oc-93">
         <name>.debug_info</name>
         <load_address>0xd85f</load_address>
         <run_address>0xd85f</run_address>
         <size>0x146</size>
         <input_file_ref idref="fl-d0"/>
      </object_component>
      <object_component id="oc-170">
         <name>.debug_info</name>
         <load_address>0xd9a5</load_address>
         <run_address>0xd9a5</run_address>
         <size>0x4b2</size>
         <input_file_ref idref="fl-d1"/>
      </object_component>
      <object_component id="oc-f4">
         <name>.debug_info</name>
         <load_address>0xde57</load_address>
         <run_address>0xde57</run_address>
         <size>0x1a5</size>
         <input_file_ref idref="fl-d1"/>
      </object_component>
      <object_component id="oc-1bc">
         <name>.debug_info</name>
         <load_address>0xdffc</load_address>
         <run_address>0xdffc</run_address>
         <size>0x39</size>
         <input_file_ref idref="fl-d1"/>
      </object_component>
      <object_component id="oc-221">
         <name>.debug_info</name>
         <load_address>0xe035</load_address>
         <run_address>0xe035</run_address>
         <size>0x39</size>
         <input_file_ref idref="fl-d1"/>
      </object_component>
      <object_component id="oc-1c1">
         <name>.debug_info</name>
         <load_address>0xe06e</load_address>
         <run_address>0xe06e</run_address>
         <size>0x39</size>
         <input_file_ref idref="fl-d1"/>
      </object_component>
      <object_component id="oc-1c6">
         <name>.debug_info</name>
         <load_address>0xe0a7</load_address>
         <run_address>0xe0a7</run_address>
         <size>0xcd</size>
         <input_file_ref idref="fl-d1"/>
      </object_component>
      <object_component id="oc-97">
         <name>.debug_info</name>
         <load_address>0xe174</load_address>
         <run_address>0xe174</run_address>
         <size>0x152</size>
         <input_file_ref idref="fl-d2"/>
      </object_component>
      <object_component id="oc-ea">
         <name>.debug_info</name>
         <load_address>0xe2c6</load_address>
         <run_address>0xe2c6</run_address>
         <size>0x121</size>
         <input_file_ref idref="fl-d4"/>
      </object_component>
      <object_component id="oc-233">
         <name>.debug_info</name>
         <load_address>0xe3e7</load_address>
         <run_address>0xe3e7</run_address>
         <size>0x2b8</size>
         <input_file_ref idref="fl-d7"/>
      </object_component>
      <object_component id="oc-1d4">
         <name>.debug_info</name>
         <load_address>0xe69f</load_address>
         <run_address>0xe69f</run_address>
         <size>0x17b</size>
         <input_file_ref idref="fl-d7"/>
      </object_component>
      <object_component id="oc-29c">
         <name>.debug_info</name>
         <load_address>0xe81a</load_address>
         <run_address>0xe81a</run_address>
         <size>0xf8</size>
         <input_file_ref idref="fl-d8"/>
      </object_component>
      <object_component id="oc-230">
         <name>.debug_info</name>
         <load_address>0xe912</load_address>
         <run_address>0xe912</run_address>
         <size>0x104</size>
         <input_file_ref idref="fl-d8"/>
      </object_component>
      <object_component id="oc-2a7">
         <name>.debug_info</name>
         <load_address>0xea16</load_address>
         <run_address>0xea16</run_address>
         <size>0x29a</size>
         <input_file_ref idref="fl-d9"/>
      </object_component>
      <object_component id="oc-244">
         <name>.debug_info</name>
         <load_address>0xecb0</load_address>
         <run_address>0xecb0</run_address>
         <size>0x1cc</size>
         <input_file_ref idref="fl-d9"/>
      </object_component>
      <object_component id="oc-27a">
         <name>.debug_info</name>
         <load_address>0xee7c</load_address>
         <run_address>0xee7c</run_address>
         <size>0x295</size>
         <input_file_ref idref="fl-da"/>
      </object_component>
      <object_component id="oc-1fd">
         <name>.debug_info</name>
         <load_address>0xf111</load_address>
         <run_address>0xf111</run_address>
         <size>0x1b5</size>
         <input_file_ref idref="fl-da"/>
      </object_component>
      <object_component id="oc-2bd">
         <name>.debug_info</name>
         <load_address>0xf2c6</load_address>
         <run_address>0xf2c6</run_address>
         <size>0x299</size>
         <input_file_ref idref="fl-db"/>
      </object_component>
      <object_component id="oc-274">
         <name>.debug_info</name>
         <load_address>0xf55f</load_address>
         <run_address>0xf55f</run_address>
         <size>0x25d</size>
         <input_file_ref idref="fl-db"/>
      </object_component>
      <object_component id="oc-22e">
         <name>.debug_info</name>
         <load_address>0xf7bc</load_address>
         <run_address>0xf7bc</run_address>
         <size>0x28e</size>
         <input_file_ref idref="fl-dc"/>
      </object_component>
      <object_component id="oc-1ce">
         <name>.debug_info</name>
         <load_address>0xfa4a</load_address>
         <run_address>0xfa4a</run_address>
         <size>0x240</size>
         <input_file_ref idref="fl-dc"/>
      </object_component>
      <object_component id="oc-286">
         <name>.debug_info</name>
         <load_address>0xfc8a</load_address>
         <run_address>0xfc8a</run_address>
         <size>0x288</size>
         <input_file_ref idref="fl-dd"/>
      </object_component>
      <object_component id="oc-283">
         <name>.debug_info</name>
         <load_address>0xff12</load_address>
         <run_address>0xff12</run_address>
         <size>0x10d</size>
         <input_file_ref idref="fl-dd"/>
      </object_component>
      <object_component id="oc-20a">
         <name>.debug_info</name>
         <load_address>0x1001f</load_address>
         <run_address>0x1001f</run_address>
         <size>0x14d</size>
         <input_file_ref idref="fl-dd"/>
      </object_component>
      <object_component id="oc-281">
         <name>.debug_info</name>
         <load_address>0x1016c</load_address>
         <run_address>0x1016c</run_address>
         <size>0x28e</size>
         <input_file_ref idref="fl-de"/>
      </object_component>
      <object_component id="oc-206">
         <name>.debug_info</name>
         <load_address>0x103fa</load_address>
         <run_address>0x103fa</run_address>
         <size>0x159</size>
         <input_file_ref idref="fl-de"/>
      </object_component>
      <object_component id="oc-2c0">
         <name>.debug_info</name>
         <load_address>0x10553</load_address>
         <run_address>0x10553</run_address>
         <size>0x46</size>
         <input_file_ref idref="fl-de"/>
      </object_component>
      <object_component id="oc-27c">
         <name>.debug_info</name>
         <load_address>0x10599</load_address>
         <run_address>0x10599</run_address>
         <size>0x39</size>
         <input_file_ref idref="fl-de"/>
      </object_component>
      <object_component id="oc-2ae">
         <name>.debug_info</name>
         <load_address>0x105d2</load_address>
         <run_address>0x105d2</run_address>
         <size>0x299</size>
         <input_file_ref idref="fl-df"/>
      </object_component>
      <object_component id="oc-267">
         <name>.debug_info</name>
         <load_address>0x1086b</load_address>
         <run_address>0x1086b</run_address>
         <size>0x194</size>
         <input_file_ref idref="fl-df"/>
      </object_component>
      <object_component id="oc-2d7">
         <name>.debug_info</name>
         <load_address>0x109ff</load_address>
         <run_address>0x109ff</run_address>
         <size>0x39</size>
         <input_file_ref idref="fl-df"/>
      </object_component>
      <object_component id="oc-2af">
         <name>.debug_info</name>
         <load_address>0x10a38</load_address>
         <run_address>0x10a38</run_address>
         <size>0x2c</size>
         <input_file_ref idref="fl-df"/>
      </object_component>
      <object_component id="oc-2bb">
         <name>.debug_info</name>
         <load_address>0x10a64</load_address>
         <run_address>0x10a64</run_address>
         <size>0x2fc</size>
         <input_file_ref idref="fl-e0"/>
      </object_component>
      <object_component id="oc-26d">
         <name>.debug_info</name>
         <load_address>0x10d60</load_address>
         <run_address>0x10d60</run_address>
         <size>0x224</size>
         <input_file_ref idref="fl-e0"/>
      </object_component>
      <object_component id="oc-2a1">
         <name>.debug_info</name>
         <load_address>0x10f84</load_address>
         <run_address>0x10f84</run_address>
         <size>0x114</size>
         <input_file_ref idref="fl-e1"/>
      </object_component>
      <object_component id="oc-2b7">
         <name>.debug_info</name>
         <load_address>0x11098</load_address>
         <run_address>0x11098</run_address>
         <size>0x160</size>
         <input_file_ref idref="fl-e2"/>
      </object_component>
      <object_component id="oc-313">
         <name>.debug_info</name>
         <load_address>0x111f8</load_address>
         <run_address>0x111f8</run_address>
         <size>0xa4</size>
      </object_component>
      <object_component id="oc-131">
         <name>.debug_line</name>
         <load_address>0x0</load_address>
         <run_address>0x0</run_address>
         <size>0x96</size>
         <input_file_ref idref="fl-2"/>
      </object_component>
      <object_component id="oc-c0">
         <name>.debug_line</name>
         <load_address>0x96</load_address>
         <run_address>0x96</run_address>
         <size>0x1fc</size>
         <input_file_ref idref="fl-2"/>
      </object_component>
      <object_component id="oc-ce">
         <name>.debug_line</name>
         <load_address>0x292</load_address>
         <run_address>0x292</run_address>
         <size>0x57</size>
         <input_file_ref idref="fl-2"/>
      </object_component>
      <object_component id="oc-d5">
         <name>.debug_line</name>
         <load_address>0x2e9</load_address>
         <run_address>0x2e9</run_address>
         <size>0x6f</size>
         <input_file_ref idref="fl-2"/>
      </object_component>
      <object_component id="oc-12e">
         <name>.debug_line</name>
         <load_address>0x358</load_address>
         <run_address>0x358</run_address>
         <size>0x5a</size>
         <input_file_ref idref="fl-2"/>
      </object_component>
      <object_component id="oc-32">
         <name>.debug_line</name>
         <load_address>0x3b2</load_address>
         <run_address>0x3b2</run_address>
         <size>0x20</size>
         <input_file_ref idref="fl-2"/>
      </object_component>
      <object_component id="oc-13e">
         <name>.debug_line</name>
         <load_address>0x3d2</load_address>
         <run_address>0x3d2</run_address>
         <size>0x73</size>
         <input_file_ref idref="fl-2"/>
      </object_component>
      <object_component id="oc-bc">
         <name>.debug_line</name>
         <load_address>0x445</load_address>
         <run_address>0x445</run_address>
         <size>0x70</size>
         <input_file_ref idref="fl-2"/>
      </object_component>
      <object_component id="oc-19e">
         <name>.debug_line</name>
         <load_address>0x4b5</load_address>
         <run_address>0x4b5</run_address>
         <size>0x6b</size>
         <input_file_ref idref="fl-2"/>
      </object_component>
      <object_component id="oc-135">
         <name>.debug_line</name>
         <load_address>0x520</load_address>
         <run_address>0x520</run_address>
         <size>0x34</size>
         <input_file_ref idref="fl-2"/>
      </object_component>
      <object_component id="oc-12a">
         <name>.debug_line</name>
         <load_address>0x554</load_address>
         <run_address>0x554</run_address>
         <size>0x4c</size>
         <input_file_ref idref="fl-3"/>
      </object_component>
      <object_component id="oc-1a5">
         <name>.debug_line</name>
         <load_address>0x5a0</load_address>
         <run_address>0x5a0</run_address>
         <size>0x30</size>
         <input_file_ref idref="fl-3"/>
      </object_component>
      <object_component id="oc-c6">
         <name>.debug_line</name>
         <load_address>0x5d0</load_address>
         <run_address>0x5d0</run_address>
         <size>0x425</size>
         <input_file_ref idref="fl-3"/>
      </object_component>
      <object_component id="oc-1a9">
         <name>.debug_line</name>
         <load_address>0x9f5</load_address>
         <run_address>0x9f5</run_address>
         <size>0x30</size>
         <input_file_ref idref="fl-3"/>
      </object_component>
      <object_component id="oc-138">
         <name>.debug_line</name>
         <load_address>0xa25</load_address>
         <run_address>0xa25</run_address>
         <size>0x38</size>
         <input_file_ref idref="fl-4"/>
      </object_component>
      <object_component id="oc-6f">
         <name>.debug_line</name>
         <load_address>0xa5d</load_address>
         <run_address>0xa5d</run_address>
         <size>0xcf</size>
         <input_file_ref idref="fl-4"/>
      </object_component>
      <object_component id="oc-13a">
         <name>.debug_line</name>
         <load_address>0xb2c</load_address>
         <run_address>0xb2c</run_address>
         <size>0x5c</size>
         <input_file_ref idref="fl-5"/>
      </object_component>
      <object_component id="oc-71">
         <name>.debug_line</name>
         <load_address>0xb88</load_address>
         <run_address>0xb88</run_address>
         <size>0x100</size>
         <input_file_ref idref="fl-5"/>
      </object_component>
      <object_component id="oc-d1">
         <name>.debug_line</name>
         <load_address>0xc88</load_address>
         <run_address>0xc88</run_address>
         <size>0x40</size>
         <input_file_ref idref="fl-6"/>
      </object_component>
      <object_component id="oc-77">
         <name>.debug_line</name>
         <load_address>0xcc8</load_address>
         <run_address>0xcc8</run_address>
         <size>0x40</size>
         <input_file_ref idref="fl-6"/>
      </object_component>
      <object_component id="oc-68">
         <name>.debug_line</name>
         <load_address>0xd08</load_address>
         <run_address>0xd08</run_address>
         <size>0x71</size>
         <input_file_ref idref="fl-6"/>
      </object_component>
      <object_component id="oc-186">
         <name>.debug_line</name>
         <load_address>0xd79</load_address>
         <run_address>0xd79</run_address>
         <size>0x3b</size>
         <input_file_ref idref="fl-7"/>
      </object_component>
      <object_component id="oc-a9">
         <name>.debug_line</name>
         <load_address>0xdb4</load_address>
         <run_address>0xdb4</run_address>
         <size>0x159</size>
         <input_file_ref idref="fl-7"/>
      </object_component>
      <object_component id="oc-21d">
         <name>.debug_line</name>
         <load_address>0xf0d</load_address>
         <run_address>0xf0d</run_address>
         <size>0x2d</size>
         <input_file_ref idref="fl-c1"/>
      </object_component>
      <object_component id="oc-145">
         <name>.debug_line</name>
         <load_address>0xf3a</load_address>
         <run_address>0xf3a</run_address>
         <size>0x4b</size>
         <input_file_ref idref="fl-c1"/>
      </object_component>
      <object_component id="oc-18e">
         <name>.debug_line</name>
         <load_address>0xf85</load_address>
         <run_address>0xf85</run_address>
         <size>0x4b</size>
         <input_file_ref idref="fl-c1"/>
      </object_component>
      <object_component id="oc-194">
         <name>.debug_line</name>
         <load_address>0xfd0</load_address>
         <run_address>0xfd0</run_address>
         <size>0x3f</size>
         <input_file_ref idref="fl-c1"/>
      </object_component>
      <object_component id="oc-28c">
         <name>.debug_line</name>
         <load_address>0x100f</load_address>
         <run_address>0x100f</run_address>
         <size>0x8f</size>
         <input_file_ref idref="fl-c1"/>
      </object_component>
      <object_component id="oc-151">
         <name>.debug_line</name>
         <load_address>0x109e</load_address>
         <run_address>0x109e</run_address>
         <size>0xa8</size>
         <input_file_ref idref="fl-c2"/>
      </object_component>
      <object_component id="oc-156">
         <name>.debug_line</name>
         <load_address>0x1146</load_address>
         <run_address>0x1146</run_address>
         <size>0x8e</size>
         <input_file_ref idref="fl-c3"/>
      </object_component>
      <object_component id="oc-158">
         <name>.debug_line</name>
         <load_address>0x11d4</load_address>
         <run_address>0x11d4</run_address>
         <size>0x5a</size>
         <input_file_ref idref="fl-c4"/>
      </object_component>
      <object_component id="oc-163">
         <name>.debug_line</name>
         <load_address>0x122e</load_address>
         <run_address>0x122e</run_address>
         <size>0x50</size>
         <input_file_ref idref="fl-c5"/>
      </object_component>
      <object_component id="oc-38">
         <name>.debug_line</name>
         <load_address>0x127e</load_address>
         <run_address>0x127e</run_address>
         <size>0x88</size>
         <input_file_ref idref="fl-c6"/>
      </object_component>
      <object_component id="oc-149">
         <name>.debug_line</name>
         <load_address>0x1306</load_address>
         <run_address>0x1306</run_address>
         <size>0x4c</size>
         <input_file_ref idref="fl-c7"/>
      </object_component>
      <object_component id="oc-e4">
         <name>.debug_line</name>
         <load_address>0x1352</load_address>
         <run_address>0x1352</run_address>
         <size>0x90</size>
         <input_file_ref idref="fl-c8"/>
      </object_component>
      <object_component id="oc-41">
         <name>.debug_line</name>
         <load_address>0x13e2</load_address>
         <run_address>0x13e2</run_address>
         <size>0x56</size>
         <input_file_ref idref="fl-c8"/>
      </object_component>
      <object_component id="oc-8d">
         <name>.debug_line</name>
         <load_address>0x1438</load_address>
         <run_address>0x1438</run_address>
         <size>0x34</size>
         <input_file_ref idref="fl-c8"/>
      </object_component>
      <object_component id="oc-e1">
         <name>.debug_line</name>
         <load_address>0x146c</load_address>
         <run_address>0x146c</run_address>
         <size>0x90</size>
         <input_file_ref idref="fl-c8"/>
      </object_component>
      <object_component id="oc-88">
         <name>.debug_line</name>
         <load_address>0x14fc</load_address>
         <run_address>0x14fc</run_address>
         <size>0x20</size>
         <input_file_ref idref="fl-c9"/>
      </object_component>
      <object_component id="oc-1f">
         <name>.debug_line</name>
         <load_address>0x151c</load_address>
         <run_address>0x151c</run_address>
         <size>0x55</size>
         <input_file_ref idref="fl-c9"/>
      </object_component>
      <object_component id="oc-3d">
         <name>.debug_line</name>
         <load_address>0x1571</load_address>
         <run_address>0x1571</run_address>
         <size>0x3a</size>
         <input_file_ref idref="fl-c9"/>
      </object_component>
      <object_component id="oc-85">
         <name>.debug_line</name>
         <load_address>0x15ab</load_address>
         <run_address>0x15ab</run_address>
         <size>0x90</size>
         <input_file_ref idref="fl-c9"/>
      </object_component>
      <object_component id="oc-dd">
         <name>.debug_line</name>
         <load_address>0x163b</load_address>
         <run_address>0x163b</run_address>
         <size>0x20</size>
         <input_file_ref idref="fl-ca"/>
      </object_component>
      <object_component id="oc-18">
         <name>.debug_line</name>
         <load_address>0x165b</load_address>
         <run_address>0x165b</run_address>
         <size>0xa9</size>
         <input_file_ref idref="fl-ca"/>
      </object_component>
      <object_component id="oc-2d">
         <name>.debug_line</name>
         <load_address>0x1704</load_address>
         <run_address>0x1704</run_address>
         <size>0x3a</size>
         <input_file_ref idref="fl-ca"/>
      </object_component>
      <object_component id="oc-da">
         <name>.debug_line</name>
         <load_address>0x173e</load_address>
         <run_address>0x173e</run_address>
         <size>0x98</size>
         <input_file_ref idref="fl-ca"/>
      </object_component>
      <object_component id="oc-7e">
         <name>.debug_line</name>
         <load_address>0x17d6</load_address>
         <run_address>0x17d6</run_address>
         <size>0x94</size>
         <input_file_ref idref="fl-ca"/>
      </object_component>
      <object_component id="oc-7a">
         <name>.debug_line</name>
         <load_address>0x186a</load_address>
         <run_address>0x186a</run_address>
         <size>0x33</size>
         <input_file_ref idref="fl-cb"/>
      </object_component>
      <object_component id="oc-54">
         <name>.debug_line</name>
         <load_address>0x189d</load_address>
         <run_address>0x189d</run_address>
         <size>0x45</size>
         <input_file_ref idref="fl-cb"/>
      </object_component>
      <object_component id="oc-288">
         <name>.debug_line</name>
         <load_address>0x18e2</load_address>
         <run_address>0x18e2</run_address>
         <size>0x25a</size>
         <input_file_ref idref="fl-cc"/>
      </object_component>
      <object_component id="oc-1dd">
         <name>.debug_line</name>
         <load_address>0x1b3c</load_address>
         <run_address>0x1b3c</run_address>
         <size>0x7a</size>
         <input_file_ref idref="fl-cc"/>
      </object_component>
      <object_component id="oc-250">
         <name>.debug_line</name>
         <load_address>0x1bb6</load_address>
         <run_address>0x1bb6</run_address>
         <size>0x51</size>
         <input_file_ref idref="fl-cc"/>
      </object_component>
      <object_component id="oc-256">
         <name>.debug_line</name>
         <load_address>0x1c07</load_address>
         <run_address>0x1c07</run_address>
         <size>0x88</size>
         <input_file_ref idref="fl-cc"/>
      </object_component>
      <object_component id="oc-1e8">
         <name>.debug_line</name>
         <load_address>0x1c8f</load_address>
         <run_address>0x1c8f</run_address>
         <size>0x14d</size>
         <input_file_ref idref="fl-cc"/>
      </object_component>
      <object_component id="oc-25d">
         <name>.debug_line</name>
         <load_address>0x1ddc</load_address>
         <run_address>0x1ddc</run_address>
         <size>0xee</size>
         <input_file_ref idref="fl-cc"/>
      </object_component>
      <object_component id="oc-263">
         <name>.debug_line</name>
         <load_address>0x1eca</load_address>
         <run_address>0x1eca</run_address>
         <size>0x5d</size>
         <input_file_ref idref="fl-cc"/>
      </object_component>
      <object_component id="oc-1ef">
         <name>.debug_line</name>
         <load_address>0x1f27</load_address>
         <run_address>0x1f27</run_address>
         <size>0x5c</size>
         <input_file_ref idref="fl-cc"/>
      </object_component>
      <object_component id="oc-1f5">
         <name>.debug_line</name>
         <load_address>0x1f83</load_address>
         <run_address>0x1f83</run_address>
         <size>0xae</size>
         <input_file_ref idref="fl-cc"/>
      </object_component>
      <object_component id="oc-1fb">
         <name>.debug_line</name>
         <load_address>0x2031</load_address>
         <run_address>0x2031</run_address>
         <size>0x1b0</size>
         <input_file_ref idref="fl-cc"/>
      </object_component>
      <object_component id="oc-18c">
         <name>.debug_line</name>
         <load_address>0x21e1</load_address>
         <run_address>0x21e1</run_address>
         <size>0x773</size>
         <input_file_ref idref="fl-cc"/>
      </object_component>
      <object_component id="oc-213">
         <name>.debug_line</name>
         <load_address>0x2954</load_address>
         <run_address>0x2954</run_address>
         <size>0x90</size>
         <input_file_ref idref="fl-cc"/>
      </object_component>
      <object_component id="oc-291">
         <name>.debug_line</name>
         <load_address>0x29e4</load_address>
         <run_address>0x29e4</run_address>
         <size>0x90</size>
         <input_file_ref idref="fl-cc"/>
      </object_component>
      <object_component id="oc-2ce">
         <name>.debug_line</name>
         <load_address>0x2a74</load_address>
         <run_address>0x2a74</run_address>
         <size>0x98</size>
         <input_file_ref idref="fl-cc"/>
      </object_component>
      <object_component id="oc-296">
         <name>.debug_line</name>
         <load_address>0x2b0c</load_address>
         <run_address>0x2b0c</run_address>
         <size>0x95</size>
         <input_file_ref idref="fl-cc"/>
      </object_component>
      <object_component id="oc-218">
         <name>.debug_line</name>
         <load_address>0x2ba1</load_address>
         <run_address>0x2ba1</run_address>
         <size>0x2e</size>
         <input_file_ref idref="fl-cc"/>
      </object_component>
      <object_component id="oc-24a">
         <name>.debug_line</name>
         <load_address>0x2bcf</load_address>
         <run_address>0x2bcf</run_address>
         <size>0xd2</size>
         <input_file_ref idref="fl-cd"/>
      </object_component>
      <object_component id="oc-1e1">
         <name>.debug_line</name>
         <load_address>0x2ca1</load_address>
         <run_address>0x2ca1</run_address>
         <size>0x77</size>
         <input_file_ref idref="fl-ce"/>
      </object_component>
      <object_component id="oc-23f">
         <name>.debug_line</name>
         <load_address>0x2d18</load_address>
         <run_address>0x2d18</run_address>
         <size>0x77</size>
         <input_file_ref idref="fl-ce"/>
      </object_component>
      <object_component id="oc-235">
         <name>.debug_line</name>
         <load_address>0x2d8f</load_address>
         <run_address>0x2d8f</run_address>
         <size>0x81</size>
         <input_file_ref idref="fl-cf"/>
      </object_component>
      <object_component id="oc-91">
         <name>.debug_line</name>
         <load_address>0x2e10</load_address>
         <run_address>0x2e10</run_address>
         <size>0x79</size>
         <input_file_ref idref="fl-d0"/>
      </object_component>
      <object_component id="oc-1bb">
         <name>.debug_line</name>
         <load_address>0x2e89</load_address>
         <run_address>0x2e89</run_address>
         <size>0xbd</size>
         <input_file_ref idref="fl-d1"/>
      </object_component>
      <object_component id="oc-f8">
         <name>.debug_line</name>
         <load_address>0x2f46</load_address>
         <run_address>0x2f46</run_address>
         <size>0x6f</size>
         <input_file_ref idref="fl-d1"/>
      </object_component>
      <object_component id="oc-1bf">
         <name>.debug_line</name>
         <load_address>0x2fb5</load_address>
         <run_address>0x2fb5</run_address>
         <size>0x2e</size>
         <input_file_ref idref="fl-d1"/>
      </object_component>
      <object_component id="oc-224">
         <name>.debug_line</name>
         <load_address>0x2fe3</load_address>
         <run_address>0x2fe3</run_address>
         <size>0x98</size>
         <input_file_ref idref="fl-d1"/>
      </object_component>
      <object_component id="oc-1c4">
         <name>.debug_line</name>
         <load_address>0x307b</load_address>
         <run_address>0x307b</run_address>
         <size>0x95</size>
         <input_file_ref idref="fl-d1"/>
      </object_component>
      <object_component id="oc-1c9">
         <name>.debug_line</name>
         <load_address>0x3110</load_address>
         <run_address>0x3110</run_address>
         <size>0x91</size>
         <input_file_ref idref="fl-d1"/>
      </object_component>
      <object_component id="oc-9a">
         <name>.debug_line</name>
         <load_address>0x31a1</load_address>
         <run_address>0x31a1</run_address>
         <size>0x40</size>
         <input_file_ref idref="fl-d2"/>
      </object_component>
      <object_component id="oc-e9">
         <name>.debug_line</name>
         <load_address>0x31e1</load_address>
         <run_address>0x31e1</run_address>
         <size>0x3c</size>
         <input_file_ref idref="fl-d4"/>
      </object_component>
      <object_component id="oc-29e">
         <name>.debug_line</name>
         <load_address>0x321d</load_address>
         <run_address>0x321d</run_address>
         <size>0x8f</size>
         <input_file_ref idref="fl-d7"/>
      </object_component>
      <object_component id="oc-1d7">
         <name>.debug_line</name>
         <load_address>0x32ac</load_address>
         <run_address>0x32ac</run_address>
         <size>0x63</size>
         <input_file_ref idref="fl-d7"/>
      </object_component>
      <object_component id="oc-2d1">
         <name>.debug_line</name>
         <load_address>0x330f</load_address>
         <run_address>0x330f</run_address>
         <size>0x20</size>
         <input_file_ref idref="fl-d8"/>
      </object_component>
      <object_component id="oc-29b">
         <name>.debug_line</name>
         <load_address>0x332f</load_address>
         <run_address>0x332f</run_address>
         <size>0x2b</size>
         <input_file_ref idref="fl-d8"/>
      </object_component>
      <object_component id="oc-2d4">
         <name>.debug_line</name>
         <load_address>0x335a</load_address>
         <run_address>0x335a</run_address>
         <size>0x20</size>
         <input_file_ref idref="fl-d9"/>
      </object_component>
      <object_component id="oc-241">
         <name>.debug_line</name>
         <load_address>0x337a</load_address>
         <run_address>0x337a</run_address>
         <size>0x66</size>
         <input_file_ref idref="fl-d9"/>
      </object_component>
      <object_component id="oc-2bf">
         <name>.debug_line</name>
         <load_address>0x33e0</load_address>
         <run_address>0x33e0</run_address>
         <size>0x20</size>
         <input_file_ref idref="fl-da"/>
      </object_component>
      <object_component id="oc-200">
         <name>.debug_line</name>
         <load_address>0x3400</load_address>
         <run_address>0x3400</run_address>
         <size>0x48</size>
         <input_file_ref idref="fl-da"/>
      </object_component>
      <object_component id="oc-2e0">
         <name>.debug_line</name>
         <load_address>0x3448</load_address>
         <run_address>0x3448</run_address>
         <size>0x20</size>
         <input_file_ref idref="fl-db"/>
      </object_component>
      <object_component id="oc-273">
         <name>.debug_line</name>
         <load_address>0x3468</load_address>
         <run_address>0x3468</run_address>
         <size>0xae</size>
         <input_file_ref idref="fl-db"/>
      </object_component>
      <object_component id="oc-299">
         <name>.debug_line</name>
         <load_address>0x3516</load_address>
         <run_address>0x3516</run_address>
         <size>0x20</size>
         <input_file_ref idref="fl-dc"/>
      </object_component>
      <object_component id="oc-1d2">
         <name>.debug_line</name>
         <load_address>0x3536</load_address>
         <run_address>0x3536</run_address>
         <size>0xb0</size>
         <input_file_ref idref="fl-dc"/>
      </object_component>
      <object_component id="oc-2ca">
         <name>.debug_line</name>
         <load_address>0x35e6</load_address>
         <run_address>0x35e6</run_address>
         <size>0x20</size>
         <input_file_ref idref="fl-dd"/>
      </object_component>
      <object_component id="oc-2c8">
         <name>.debug_line</name>
         <load_address>0x3606</load_address>
         <run_address>0x3606</run_address>
         <size>0x2b</size>
         <input_file_ref idref="fl-dd"/>
      </object_component>
      <object_component id="oc-20d">
         <name>.debug_line</name>
         <load_address>0x3631</load_address>
         <run_address>0x3631</run_address>
         <size>0x40</size>
         <input_file_ref idref="fl-dd"/>
      </object_component>
      <object_component id="oc-2c6">
         <name>.debug_line</name>
         <load_address>0x3671</load_address>
         <run_address>0x3671</run_address>
         <size>0x20</size>
         <input_file_ref idref="fl-de"/>
      </object_component>
      <object_component id="oc-205">
         <name>.debug_line</name>
         <load_address>0x3691</load_address>
         <run_address>0x3691</run_address>
         <size>0x46</size>
         <input_file_ref idref="fl-de"/>
      </object_component>
      <object_component id="oc-2c3">
         <name>.debug_line</name>
         <load_address>0x36d7</load_address>
         <run_address>0x36d7</run_address>
         <size>0x98</size>
         <input_file_ref idref="fl-de"/>
      </object_component>
      <object_component id="oc-27f">
         <name>.debug_line</name>
         <load_address>0x376f</load_address>
         <run_address>0x376f</run_address>
         <size>0x8f</size>
         <input_file_ref idref="fl-de"/>
      </object_component>
      <object_component id="oc-2d6">
         <name>.debug_line</name>
         <load_address>0x37fe</load_address>
         <run_address>0x37fe</run_address>
         <size>0x20</size>
         <input_file_ref idref="fl-df"/>
      </object_component>
      <object_component id="oc-26b">
         <name>.debug_line</name>
         <load_address>0x381e</load_address>
         <run_address>0x381e</run_address>
         <size>0x5e</size>
         <input_file_ref idref="fl-df"/>
      </object_component>
      <object_component id="oc-2da">
         <name>.debug_line</name>
         <load_address>0x387c</load_address>
         <run_address>0x387c</run_address>
         <size>0x98</size>
         <input_file_ref idref="fl-df"/>
      </object_component>
      <object_component id="oc-2b2">
         <name>.debug_line</name>
         <load_address>0x3914</load_address>
         <run_address>0x3914</run_address>
         <size>0x95</size>
         <input_file_ref idref="fl-df"/>
      </object_component>
      <object_component id="oc-2de">
         <name>.debug_line</name>
         <load_address>0x39a9</load_address>
         <run_address>0x39a9</run_address>
         <size>0x99</size>
         <input_file_ref idref="fl-e0"/>
      </object_component>
      <object_component id="oc-271">
         <name>.debug_line</name>
         <load_address>0x3a42</load_address>
         <run_address>0x3a42</run_address>
         <size>0x9c</size>
         <input_file_ref idref="fl-e0"/>
      </object_component>
      <object_component id="oc-2a3">
         <name>.debug_line</name>
         <load_address>0x3ade</load_address>
         <run_address>0x3ade</run_address>
         <size>0x37</size>
         <input_file_ref idref="fl-e1"/>
      </object_component>
      <object_component id="oc-2b5">
         <name>.debug_line</name>
         <load_address>0x3b15</load_address>
         <run_address>0x3b15</run_address>
         <size>0x48</size>
         <input_file_ref idref="fl-e2"/>
      </object_component>
      <object_component id="oc-bf">
         <name>.debug_frame</name>
         <load_address>0x0</load_address>
         <run_address>0x0</run_address>
         <size>0x148</size>
         <input_file_ref idref="fl-2"/>
      </object_component>
      <object_component id="oc-c5">
         <name>.debug_frame</name>
         <load_address>0x148</load_address>
         <run_address>0x148</run_address>
         <size>0x150</size>
         <input_file_ref idref="fl-3"/>
      </object_component>
      <object_component id="oc-6b">
         <name>.debug_frame</name>
         <load_address>0x298</load_address>
         <run_address>0x298</run_address>
         <size>0xb0</size>
         <input_file_ref idref="fl-4"/>
      </object_component>
      <object_component id="oc-75">
         <name>.debug_frame</name>
         <load_address>0x348</load_address>
[...]
      </symbol>
      <symbol id="sm-c0">
         <name>lcdSetText</name>
         <value>0x1c79</value>
         <object_component_ref idref="oc-be"/>
      </symbol>
      <symbol id="sm-c1">
         <name>lcdWriteData</name>
         <value>0x198d</value>
         <object_component_ref idref="oc-be"/>
      </symbol>
      <symbol id="sm-c2">
         <name>lcdSetChar</name>
         <value>0x1d05</value>
         <object_component_ref idref="oc-be"/>
      </symbol>
      <symbol id="sm-c3">
         <name>lcdSetInt</name>
         <value>0x1d75</value>
         <object_component_ref idref="oc-be"/>
      </symbol>
      <symbol id="sm-c4">
         <name>lcdClear</name>
         <value>0x1df7</value>
         <object_component_ref idref="oc-be"/>
      </symbol>
      <symbol id="sm-c5">
         <name>lcdCreateCustomChar</name>
         <value>0x1d99</value>
         <object_component_ref idref="oc-be"/>
      </symbol>
      <symbol id="sm-c6">
         <name>lcdInit</name>
         <value>0x17e1</value>
         <object_component_ref idref="oc-be"/>
      </symbol>
      <symbol id="sm-c7">
         <name>lcdTriggerEN</name>
         <value>0x1969</value>
         <object_component_ref idref="oc-be"/>
      </symbol>
      <symbol id="sm-c8">
         <name>lcdWriteCmd</name>
         <value>0x1b0d</value>
         <object_component_ref idref="oc-be"/>
      </symbol>
      <symbol id="sm-1a6">
         <name>updateBrightness</name>
         <value>0x6f5</value>
         <object_component_ref idref="oc-c4"/>
      </symbol>
      <symbol id="sm-1a7">
         <name>navigation</name>
         <value>0x2000000c</value>
         <object_component_ref idref="oc-15c"/>
      </symbol>
      <symbol id="sm-1a8">
         <name>pwmServo</name>
         <value>0x50f</value>
         <object_component_ref idref="oc-c4"/>
      </symbol>
      <symbol id="sm-1a9">
         <name>setServo</name>
         <value>0x421</value>
         <object_component_ref idref="oc-c4"/>
      </symbol>
      <symbol id="sm-1aa">
         <name>lightsPeriod</name>
         <value>0x20000004</value>
         <object_component_ref idref="oc-15c"/>
      </symbol>
      <symbol id="sm-1ab">
         <name>setMotor</name>
         <value>0x1d1</value>
         <object_component_ref idref="oc-c4"/>
      </symbol>
      <symbol id="sm-1ac">
         <name>button_Debounce</name>
         <value>0xb75</value>
         <object_component_ref idref="oc-c4"/>
      </symbol>
      <symbol id="sm-1ad">
         <name>navigateMenu</name>
         <value>0xe5</value>
         <object_component_ref idref="oc-c4"/>
      </symbol>
      <symbol id="sm-1ae">
         <name>pwmMotor</name>
         <value>0x375</value>
         <object_component_ref idref="oc-c4"/>
      </symbol>
      <symbol id="sm-1af">
         <name>keyPressed</name>
         <value>0x20000008</value>
         <object_component_ref idref="oc-15c"/>
      </symbol>
      <symbol id="sm-1b0">
         <name>updateColor</name>
         <value>0x557</value>
         <object_component_ref idref="oc-c4"/>
      </symbol>
      <symbol id="sm-1b1">
         <name>readKeypad</name>
         <value>0xbad</value>
         <object_component_ref idref="oc-c4"/>
      </symbol>
      <symbol id="sm-1b2">
         <name>mainMenu</name>
         <value>0x11d</value>
         <object_component_ref idref="oc-c4"/>
      </symbol>
      <symbol id="sm-1b3">
         <name>period</name>
         <value>0x20000000</value>
         <object_component_ref idref="oc-15c"/>
      </symbol>
      <symbol id="sm-1cc">
         <name>SysTick_Handler</name>
         <value>0x2fb5</value>
         <object_component_ref idref="oc-6a"/>
      </symbol>
      <symbol id="sm-1cd">
         <name>SysTick_delay_us</name>
         <value>0x2f7d</value>
         <object_component_ref idref="oc-6a"/>
      </symbol>
      <symbol id="sm-1ce">
         <name>SysTick_delay_ms</name>
         <value>0x2f45</value>
         <object_component_ref idref="oc-6a"/>
      </symbol>
      <symbol id="sm-1cf">
         <name>SysTickInit_NoInterrupts</name>
         <value>0x2ef9</value>
         <object_component_ref idref="oc-6a"/>
      </symbol>
      <symbol id="sm-1d0">
         <name>SysTickInit_WithInterrupts</name>
         <value>0x2f19</value>
         <object_component_ref idref="oc-6a"/>
      </symbol>
      <symbol id="sm-1f4">
         <name>main</name>
         <value>0x2825</value>
         <object_component_ref idref="oc-70"/>
      </symbol>
      <symbol id="sm-1f5">
         <name>PORT5_IRQHandler</name>
         <value>0x28d5</value>
         <object_component_ref idref="oc-70"/>
      </symbol>
      <symbol id="sm-1f6">
         <name>port5IRQInit</name>
         <value>0x2855</value>
         <object_component_ref idref="oc-70"/>
      </symbol>
      <symbol id="sm-20b">
         <name>Reset_Handler</name>
         <value>0x37fb</value>
         <object_component_ref idref="oc-64"/>
      </symbol>
      <symbol id="sm-20c">
         <name>Default_Handler</name>
         <value>0x3807</value>
         <object_component_ref idref="oc-64"/>
      </symbol>
      <symbol id="sm-20d">
         <name>interruptVectors</name>
         <value>0x0</value>
         <object_component_ref idref="oc-23"/>
      </symbol>
      <symbol id="sm-255">
         <name>SystemInit</name>
         <value>0x2145</value>
         <object_component_ref idref="oc-a8"/>
      </symbol>
      <symbol id="sm-256">
         <name>SystemCoreClockUpdate</name>
         <value>0x1ecd</value>
         <object_component_ref idref="oc-a8"/>
      </symbol>
      <symbol id="sm-257">
         <name>SystemCoreClock</name>
         <value>0x20000014</value>
         <object_component_ref idref="oc-125"/>
      </symbol>
      <symbol id="sm-27e">
         <name>sprintf</name>
         <value>0x3645</value>
         <object_component_ref idref="oc-141"/>
      </symbol>
      <symbol id="sm-292">
         <name>__aeabi_ddiv</name>
         <value>0x2a91</value>
         <object_component_ref idref="oc-14d"/>
      </symbol>
      <symbol id="sm-29d">
         <name>__aeabi_dmul</name>
         <value>0x2dfd</value>
         <object_component_ref idref="oc-152"/>
      </symbol>
      <symbol id="sm-2a7">
         <name>__aeabi_d2iz</name>
         <value>0x35b9</value>
         <object_component_ref idref="oc-157"/>
      </symbol>
      <symbol id="sm-2b1">
         <name>__aeabi_i2d</name>
         <value>0x36f9</value>
         <object_component_ref idref="oc-15f"/>
      </symbol>
      <symbol id="sm-2cc">
         <name>memcpy</name>
         <value>0x307f</value>
         <object_component_ref idref="oc-34"/>
      </symbol>
      <symbol id="sm-2cd">
         <name>__aeabi_memcpy</name>
         <value>0x307f</value>
         <object_component_ref idref="oc-34"/>
      </symbol>
      <symbol id="sm-2ce">
         <name>__aeabi_memcpy8</name>
         <value>0x307f</value>
         <object_component_ref idref="oc-34"/>
      </symbol>
      <symbol id="sm-2cf">
         <name>__aeabi_memcpy4</name>
         <value>0x307f</value>
         <object_component_ref idref="oc-34"/>
      </symbol>
      <symbol id="sm-2d9">
         <name>__aeabi_ui2d</name>
         <value>0x3727</value>
         <object_component_ref idref="oc-148"/>
      </symbol>
      <symbol id="sm-2f2">
         <name>__TI_zero_init_nomemset</name>
         <value>0x3747</value>
         <object_component_ref idref="oc-40"/>
      </symbol>
      <symbol id="sm-309">
         <name>__TI_decompress_none</name>
         <value>0x37ed</value>
         <object_component_ref idref="oc-1a"/>
      </symbol>
      <symbol id="sm-32c">
         <name>__TI_decompress_lzss</name>
         <value>0x33a5</value>
         <object_component_ref idref="oc-14"/>
      </symbol>
      <symbol id="sm-33f">
         <name>__stack</name>
         <value>0x2000fe00</value>
         <object_component_ref idref="oc-26"/>
      </symbol>
      <symbol id="sm-340">
         <name>_c_int00_noargs</name>
         <value>0x36c5</value>
         <object_component_ref idref="oc-52"/>
      </symbol>
      <symbol id="sm-4a5">
         <name>__TI_printfi</name>
         <value>0xd91</value>
         <object_component_ref idref="oc-187"/>
      </symbol>
      <symbol id="sm-4bc">
         <name>__aeabi_dsub</name>
         <value>0x2641</value>
         <object_component_ref idref="oc-246"/>
      </symbol>
      <symbol id="sm-4bd">
         <name>__aeabi_dadd</name>
         <value>0x264b</value>
         <object_component_ref idref="oc-246"/>
      </symbol>
      <symbol id="sm-4df">
         <name>__aeabi_cdcmpeq</name>
         <value>0x31b1</value>
         <object_component_ref idref="oc-1df"/>
      </symbol>
      <symbol id="sm-4e0">
         <name>__aeabi_cdcmple</name>
         <value>0x31b1</value>
         <object_component_ref idref="oc-1df"/>
      </symbol>
      <symbol id="sm-4e1">
         <name>__aeabi_cdrcmple</name>
         <value>0x3237</value>
         <object_component_ref idref="oc-23b"/>
      </symbol>
      <symbol id="sm-4ee">
         <name>__aeabi_uldivmod</name>
         <value>0x311b</value>
         <object_component_ref idref="oc-234"/>
      </symbol>
      <symbol id="sm-4fd">
         <name>__aeabi_memset</name>
         <value>0x32bf</value>
         <object_component_ref idref="oc-90"/>
      </symbol>
      <symbol id="sm-4fe">
         <name>memset</name>
         <value>0x32c5</value>
         <object_component_ref idref="oc-90"/>
      </symbol>
      <symbol id="sm-4ff">
         <name>__aeabi_memset8</name>
         <value>0x32bf</value>
         <object_component_ref idref="oc-90"/>
      </symbol>
      <symbol id="sm-500">
         <name>__aeabi_memset4</name>
         <value>0x32bf</value>
         <object_component_ref idref="oc-90"/>
      </symbol>
      <symbol id="sm-501">
         <name>__aeabi_memclr8</name>
         <value>0x32bd</value>
         <object_component_ref idref="oc-90"/>
      </symbol>
      <symbol id="sm-502">
         <name>__aeabi_memclr4</name>
         <value>0x32bd</value>
         <object_component_ref idref="oc-90"/>
      </symbol>
      <symbol id="sm-503">
         <name>__aeabi_memclr</name>
         <value>0x32bd</value>
         <object_component_ref idref="oc-90"/>
      </symbol>
      <symbol id="sm-52b">
         <name>__TI_auto_init_nobinit_nopinit</name>
         <value>0x3601</value>
         <object_component_ref idref="oc-f3"/>
      </symbol>
      <symbol id="sm-535">
         <name>_system_pre_init</name>
         <value>0x381d</value>
         <object_component_ref idref="oc-96"/>
      </symbol>
      <symbol id="sm-541">
         <name>C$$EXIT</name>
         <value>0x3821</value>
         <object_component_ref idref="oc-e7"/>
      </symbol>
      <symbol id="sm-542">
         <name>abort</name>
         <value>0x3821</value>
         <object_component_ref idref="oc-e7"/>
      </symbol>
      <symbol id="sm-55a">
         <name>atoi</name>
         <value>0x356d</value>
         <object_component_ref idref="oc-1d3"/>
      </symbol>
      <symbol id="sm-565">
         <name>_ctypes_</name>
         <value>0x3824</value>
         <object_component_ref idref="oc-22f"/>
      </symbol>
      <symbol id="sm-574">
         <name>ltoa</name>
         <value>0x34c7</value>
         <object_component_ref idref="oc-240"/>
      </symbol>
      <symbol id="sm-584">
         <name>memccpy</name>
         <value>0x3763</value>
         <object_component_ref idref="oc-1fc"/>
      </symbol>
      <symbol id="sm-594">
         <name>strchr</name>
         <value>0x37b1</value>
         <object_component_ref idref="oc-272"/>
      </symbol>
      <symbol id="sm-5a2">
         <name>strlen</name>
         <value>0x37c7</value>
         <object_component_ref idref="oc-1cd"/>
      </symbol>
      <symbol id="sm-5b8">
         <name>__aeabi_errno_addr</name>
         <value>0x3815</value>
         <object_component_ref idref="oc-208"/>
      </symbol>
      <symbol id="sm-5b9">
         <name>errno</name>
         <value>0x20000010</value>
         <object_component_ref idref="oc-282"/>
      </symbol>
      <symbol id="sm-5d2">
         <name>wcslen</name>
         <value>0x37db</value>
         <object_component_ref idref="oc-202"/>
      </symbol>
      <symbol id="sm-5f2">
         <name>frexpl</name>
         <value>0x340d</value>
         <object_component_ref idref="oc-266"/>
      </symbol>
      <symbol id="sm-5f3">
         <name>frexp</name>
         <value>0x340d</value>
         <object_component_ref idref="oc-266"/>
      </symbol>
      <symbol id="sm-610">
         <name>scalbn</name>
         <value>0x2ced</value>
         <object_component_ref idref="oc-26c"/>
      </symbol>
      <symbol id="sm-611">
         <name>scalbnl</name>
         <value>0x2ced</value>
         <object_component_ref idref="oc-26c"/>
      </symbol>
      <symbol id="sm-612">
         <name>ldexpl</name>
         <value>0x2ced</value>
         <object_component_ref idref="oc-26c"/>
      </symbol>
      <symbol id="sm-613">
         <name>ldexp</name>
         <value>0x2ced</value>
         <object_component_ref idref="oc-26c"/>
      </symbol>
      <symbol id="sm-61d">
         <name>__aeabi_idiv0</name>
         <value>0x17df</value>
         <object_component_ref idref="oc-29f"/>
      </symbol>
      <symbol id="sm-61e">
         <name>__aeabi_ldiv0</name>
         <value>0x17df</value>
         <object_component_ref idref="oc-29f"/>
      </symbol>
      <symbol id="sm-628">
         <name>copysign</name>
         <value>0x377f</value>
         <object_component_ref idref="oc-2b4"/>
      </symbol>
      <symbol id="sm-629">
         <name>copysignl</name>
         <value>0x377f</value>
         <object_component_ref idref="oc-2b4"/>
      </symbol>
      <symbol id="sm-62a">
         <name>__TI_static_base__</name>
         <value>0x0</value>
      </symbol>
      <symbol id="sm-62d">
         <name>__mpu_init</name>
         <value>0x0</value>
      </symbol>
      <symbol id="sm-62e">
         <name>_system_post_cinit</name>
         <value>0x0</value>
      </symbol>
      <symbol id="sm-62f">
         <name>NMI_Handler</name>
         <value>0x3807</value>
      </symbol>
      <symbol id="sm-630">
         <name>HardFault_Handler</name>
         <value>0x3807</value>
      </symbol>
      <symbol id="sm-631">
         <name>MemManage_Handler</name>
         <value>0x3807</value>
      </symbol>
      <symbol id="sm-632">
         <name>BusFault_Handler</name>
         <value>0x3807</value>
      </symbol>
      <symbol id="sm-633">
         <name>UsageFault_Handler</name>
         <value>0x3807</value>
      </symbol>
      <symbol id="sm-634">
         <name>SVC_Handler</name>
         <value>0x3807</value>
      </symbol>
      <symbol id="sm-635">
         <name>DebugMon_Handler</name>
         <value>0x3807</value>
      </symbol>
      <symbol id="sm-636">
         <name>PendSV_Handler</name>
         <value>0x3807</value>
      </symbol>
      <symbol id="sm-637">
         <name>SysTick_Handler</name>
         <value>0x2fb5</value>
      </symbol>
      <symbol id="sm-638">
         <name>PSS_IRQHandler</name>
         <value>0x3807</value>
      </symbol>
      <symbol id="sm-639">
         <name>CS_IRQHandler</name>
         <value>0x3807</value>
      </symbol>
      <symbol id="sm-63a">
         <name>PCM_IRQHandler</name>
         <value>0x3807</value>
      </symbol>
      <symbol id="sm-63b">
         <name>WDT_A_IRQHandler</name>
         <value>0x3807</value>
      </symbol>
      <symbol id="sm-63c">
         <name>FPU_IRQHandler</name>
         <value>0x3807</value>
      </symbol>
      <symbol id="sm-63d">
         <name>FLCTL_IRQHandler</name>
         <value>0x3807</value>
      </symbol>
      <symbol id="sm-63e">
         <name>COMP_E0_IRQHandler</name>
         <value>0x3807</value>
      </symbol>
      <symbol id="sm-63f">
         <name>COMP_E1_IRQHandler</name>
         <value>0x3807</value>
      </symbol>
      <symbol id="sm-640">
         <name>TA0_0_IRQHandler</name>
         <value>0x3807</value>
      </symbol>
      <symbol id="sm-641">
         <name>TA0_N_IRQHandler</name>
         <value>0x3807</value>
      </symbol>
      <symbol id="sm-642">
         <name>TA1_0_IRQHandler</name>
         <value>0x3807</value>
      </symbol>
      <symbol id="sm-643">
         <name>TA1_N_IRQHandler</name>
         <value>0x3807</value>
      </symbol>
      <symbol id="sm-644">
         <name>TA2_0_IRQHandler</name>
         <value>0x3807</value>
      </symbol>
      <symbol id="sm-645">
         <name>TA2_N_IRQHandler</name>
         <value>0x3807</value>
      </symbol>
      <symbol id="sm-646">
         <name>TA3_0_IRQHandler</name>
         <value>0x3807</value>
      </symbol>
      <symbol id="sm-647">
         <name>TA3_N_IRQHandler</name>
         <value>0x3807</value>
      </symbol>
      <symbol id="sm-648">
         <name>EUSCIA0_IRQHandler</name>
         <value>0x3807</value>
      </symbol>
      <symbol id="sm-649">
         <name>EUSCIA1_IRQHandler</name>
         <value>0x3807</value>
      </symbol>
      <symbol id="sm-64a">
         <name>EUSCIA2_IRQHandler</name>
         <value>0x3807</value>
      </symbol>
      <symbol id="sm-64b">
         <name>EUSCIA3_IRQHandler</name>
         <value>0x3807</value>
      </symbol>
      <symbol id="sm-64c">
         <name>EUSCIB0_IRQHandler</name>
         <value>0x3807</value>
      </symbol>
      <symbol id="sm-64d">
         <name>EUSCIB1_IRQHandler</name>
         <value>0x3807</value>
      </symbol>
      <symbol id="sm-64e">
         <name>EUSCIB2_IRQHandler</name>
         <value>0x3807</value>
      </symbol>
      <symbol id="sm-64f">
         <name>EUSCIB3_IRQHandler</name>
         <value>0x3807</value>
      </symbol>
      <symbol id="sm-650">
         <name>ADC14_IRQHandler</name>
         <value>0x3807</value>
      </symbol>
      <symbol id="sm-651">
         <name>T32_INT1_IRQHandler</name>
         <value>0x3807</value>
      </symbol>
      <symbol id="sm-652">
         <name>T32_INT2_IRQHandler</name>
         <value>0x3807</value>
      </symbol>
      <symbol id="sm-653">
         <name>T32_INTC_IRQHandler</name>
         <value>0x3807</value>
      </symbol>
      <symbol id="sm-654">
         <name>AES256_IRQHandler</name>
         <value>0x3807</value>
      </symbol>
      <symbol id="sm-655">
         <name>RTC_C_IRQHandler</name>
         <value>0x3807</value>
      </symbol>
      <symbol id="sm-656">
         <name>DMA_ERR_IRQHandler</name>
         <value>0x3807</value>
      </symbol>
      <symbol id="sm-657">
         <name>DMA_INT3_IRQHandler</name>
         <value>0x3807</value>
      </symbol>
      <symbol id="sm-658">
         <name>DMA_INT2_IRQHandler</name>
         <value>0x3807</value>
      </symbol>
      <symbol id="sm-659">
         <name>DMA_INT1_IRQHandler</name>
         <value>0x3807</value>
      </symbol>
      <symbol id="sm-65a">
         <name>DMA_INT0_IRQHandler</name>
         <value>0x3807</value>
      </symbol>
      <symbol id="sm-65b">
         <name>PORT1_IRQHandler</name>
         <value>0x3807</value>
      </symbol>
      <symbol id="sm-65c">
         <name>PORT2_IRQHandler</name>
         <value>0x3807</value>
      </symbol>
      <symbol id="sm-65d">
         <name>PORT3_IRQHandler</name>
         <value>0x3807</value>
      </symbol>
      <symbol id="sm-65e">
         <name>PORT4_IRQHandler</name>
         <value>0x3807</value>
      </symbol>
      <symbol id="sm-65f">
         <name>PORT5_IRQHandler</name>
         <value>0x28d5</value>
      </symbol>
      <symbol id="sm-660">
         <name>PORT6_IRQHandler</name>
         <value>0x3807</value>
      </symbol>
   </symbol_table>
   <title>Link successful</title>
</link_info>
